
> opticaai-app@0.1.0 build
> next build

▲ Next.js 16.1.6 (Turbopack)
- Environments: .env.local

⚠ The "middleware" file convention is deprecated. Please use "proxy" instead. Learn more: https://nextjs.org/docs/messages/middleware-to-proxy
  Creating an optimized production build ...
✓ Compiled successfully in 9.4s
  Running TypeScript ...
  Collecting page data using 15 workers ...
  Generating static pages using 15 workers (0/6) ...
  Generating static pages using 15 workers (1/6) 
  Generating static pages using 15 workers (2/6) 
  Generating static pages using 15 workers (4/6) 
✓ Generating static pages using 15 workers (6/6) in 3.0s
  Finalizing page optimization ...

Route (app)
┌ ○ /
├ ○ /_not-found
├ ○ /dashboard
└ ○ /login


ƒ Proxy (Middleware)

○  (Static)  prerendered as static content

